[08:03:24] === run start, project /home/scottr/research/city-council
fatal: unable to access 'https://github.com/zefreak/city-council.git/': Could not resolve host: github.com
[08:03:24] warning: git pull --ff-only failed; continuing
[08:03:24] running agenda_watch.py
Traceback (most recent call last):
  File "/usr/lib/python3.14/urllib/request.py", line 1321, in do_open
    h.request(req.get_method(), req.selector, req.data, headers,
    ~~~~~~~~~^^^^^^^^^^^^^^^^^^^^^^^^^^^^^^^^^^^^^^^^^^^^^^^^^^^
              encode_chunked=req.has_header('Transfer-encoding'))
              ^^^^^^^^^^^^^^^^^^^^^^^^^^^^^^^^^^^^^^^^^^^^^^^^^^^
  File "/usr/lib/python3.14/http/client.py", line 1367, in request
    self._send_request(method, url, body, headers, encode_chunked)
    ~~~~~~~~~~~~~~~~~~^^^^^^^^^^^^^^^^^^^^^^^^^^^^^^^^^^^^^^^^^^^^
  File "/usr/lib/python3.14/http/client.py", line 1413, in _send_request
    self.endheaders(body, encode_chunked=encode_chunked)
    ~~~~~~~~~~~~~~~^^^^^^^^^^^^^^^^^^^^^^^^^^^^^^^^^^^^^
  File "/usr/lib/python3.14/http/client.py", line 1362, in endheaders
    self._send_output(message_body, encode_chunked=encode_chunked)
    ~~~~~~~~~~~~~~~~~^^^^^^^^^^^^^^^^^^^^^^^^^^^^^^^^^^^^^^^^^^^^^
  File "/usr/lib/python3.14/http/client.py", line 1122, in _send_output
    self.send(msg)
    ~~~~~~~~~^^^^^
  File "/usr/lib/python3.14/http/client.py", line 1066, in send
    self.connect()
    ~~~~~~~~~~~~^^
  File "/usr/lib/python3.14/http/client.py", line 1501, in connect
    super().connect()
    ~~~~~~~~~~~~~~~^^
  File "/usr/lib/python3.14/http/client.py", line 1032, in connect
    self.sock = self._create_connection(
                ~~~~~~~~~~~~~~~~~~~~~~~^
        (self.host,self.port), self.timeout, self.source_address)
        ^^^^^^^^^^^^^^^^^^^^^^^^^^^^^^^^^^^^^^^^^^^^^^^^^^^^^^^^^
  File "/usr/lib/python3.14/socket.py", line 850, in create_connection
    for res in getaddrinfo(host, port, 0, SOCK_STREAM):
               ~~~~~~~~~~~^^^^^^^^^^^^^^^^^^^^^^^^^^^^
  File "/usr/lib/python3.14/socket.py", line 987, in getaddrinfo
    for res in _socket.getaddrinfo(host, port, family, type, proto, flags):
               ~~~~~~~~~~~~~~~~~~~^^^^^^^^^^^^^^^^^^^^^^^^^^^^^^^^^^^^^^^^
socket.gaierror: [Errno -3] Temporary failure in name resolution

During handling of the above exception, another exception occurred:

Traceback (most recent call last):
  File "/home/scottr/research/city-council/data/agenda_watch.py", line 390, in <module>
    main()
    ~~~~^^
  File "/home/scottr/research/city-council/data/agenda_watch.py", line 361, in main
    recs = van_meetings(days) + clark_meetings(days)
           ~~~~~~~~~~~~^^^^^^
  File "/home/scottr/research/city-council/data/agenda_watch.py", line 135, in van_meetings
    for e in van_events(days_ahead):
             ~~~~~~~~~~^^^^^^^^^^^^
  File "/home/scottr/research/city-council/data/agenda_watch.py", line 113, in van_events
    page = jget(url)
  File "/home/scottr/research/city-council/data/agenda_watch.py", line 76, in jget
    return json.loads(get(url)[0])
                      ~~~^^^^^
  File "/home/scottr/research/city-council/data/agenda_watch.py", line 71, in get
    with urllib.request.urlopen(req, timeout=timeout) as r:
         ~~~~~~~~~~~~~~~~~~~~~~^^^^^^^^^^^^^^^^^^^^^^
  File "/usr/lib/python3.14/urllib/request.py", line 187, in urlopen
    return opener.open(url, data, timeout)
           ~~~~~~~~~~~^^^^^^^^^^^^^^^^^^^^
  File "/usr/lib/python3.14/urllib/request.py", line 487, in open
    response = self._open(req, data)
  File "/usr/lib/python3.14/urllib/request.py", line 504, in _open
    result = self._call_chain(self.handle_open, protocol, protocol +
                              '_open', req)
  File "/usr/lib/python3.14/urllib/request.py", line 464, in _call_chain
    result = func(*args)
  File "/usr/lib/python3.14/urllib/request.py", line 1369, in https_open
    return self.do_open(http.client.HTTPSConnection, req,
           ~~~~~~~~~~~~^^^^^^^^^^^^^^^^^^^^^^^^^^^^^^^^^^
                        context=self._context)
                        ^^^^^^^^^^^^^^^^^^^^^^
  File "/usr/lib/python3.14/urllib/request.py", line 1324, in do_open
    raise URLError(err)
urllib.error.URLError: <urlopen error [Errno -3] Temporary failure in name resolution>
[08:03:25] FATAL: gather failed (rc=1)
notify-hook: taskwarrior task 1 created/updated
[08:03:25] notification handled by /home/scottr/research/city-council/data/notify-hook.sh
